objects to translate: 2510 (en→mni + mni→hi per unique English)
…cached 1425 strings
…cached 1500 strings
…cached 1575 strings
mni->hi error: 'ꯃꯍꯥꯛꯅꯥ ꯀꯔꯤꯒꯨꯝꯕꯥ ꯈꯔꯥ ꯍꯥꯌꯈꯤꯕꯥ ꯑꯗꯨ ꯑꯩ ꯅꯤꯡꯁꯤꯡꯗꯦ꯫' attempt 1 ꯃꯍꯥꯛꯅꯥ ꯀꯔꯤꯒꯨꯝꯕꯥ ꯈꯔꯥ ꯍꯥꯌꯈꯤꯕꯥ ꯑꯗꯨ ꯑꯩ ꯅꯤꯡꯁꯤꯡꯗꯦ꯫ --> No translation was found using the current translator. Try another translator?
…cached 1650 strings
mni->hi error: 'ꯑꯗꯣꯝꯅꯥ ꯈꯉꯕꯤꯔꯤꯕꯔꯥ?' attempt 1 ꯑꯗꯣꯝꯅꯥ ꯈꯉꯕꯤꯔꯤꯕꯔꯥ? --> No translation was found using the current translator. Try another translator?
…cached 1725 strings
mni->hi error: 'ꯑꯗꯣꯝꯅꯥ ꯄꯥꯝꯂꯤꯕꯥ ꯎꯍꯩ-ꯋꯥꯍꯩꯁꯤꯡ ꯑꯗꯨ ꯑꯗꯣꯝꯅꯥ ꯂꯧꯏ꯫' attempt 1 ꯑꯗꯣꯝꯅꯥ ꯄꯥꯝꯂꯤꯕꯥ ꯎꯍꯩ-ꯋꯥꯍꯩꯁꯤꯡ ꯑꯗꯨ ꯑꯗꯣꯝꯅꯥ ꯂꯧꯏ꯫ --> No translation was found using the current translator. Try another translator?
…cached 1800 strings
mni->hi error: 'ꯃꯍꯥꯛꯅꯥ ꯃꯅꯥ ꯱꯰ ꯐꯪꯏ꯫' attempt 1 ꯃꯍꯥꯛꯅꯥ ꯃꯅꯥ ꯱꯰ ꯐꯪꯏ꯫ --> No translation was found using the current translator. Try another translator?
…cached 1875 strings
…cached 1950 strings
…cached 2025 strings
…cached 2100 strings
mni->hi error: 'ꯑꯩ (ꯅꯨꯄꯥ) .' attempt 1 ꯑꯩ (ꯅꯨꯄꯥ) . --> No translation was found using the current translator. Try another translator?
mni->hi error: 'ꯁꯣꯀꯄꯥ꯫' attempt 1 ꯁꯣꯀꯄꯥ꯫ --> No translation was found using the current translator. Try another translator?
…cached 2175 strings
mni->hi error: 'ꯋꯥꯔꯤ ꯁꯥꯅꯈꯤꯕꯥ ꯅꯨꯄꯤꯃꯆꯥ꯫' attempt 1 ꯋꯥꯔꯤ ꯁꯥꯅꯈꯤꯕꯥ ꯅꯨꯄꯤꯃꯆꯥ꯫ --> No translation was found using the current translator. Try another translator?
mni->hi error: 'ꯋꯥꯔꯤ ꯁꯥꯅꯕꯥ ꯐꯣꯟ꯫' attempt 1 ꯋꯥꯔꯤ ꯁꯥꯅꯕꯥ ꯐꯣꯟ꯫ --> No translation was found using the current translator. Try another translator?
…cached 2250 strings
…cached 2325 strings
…cached 2400 strings
wrote D:\Downloads\bhaashabuddy-project\bhaashabuddy\Bhaashabuddy-project\meitei_data.js | cache entries: 2404
